
> codingssok-website@0.1.0 build
> next build

??Warning: Next.js inferred your workspace root, but it may not be correct.
 We detected multiple lockfiles and selected the directory of C:\Users\MIN\package-lock.json as the root directory.
 To silence this warning, set `turbopack.root` in your Next.js config, or consider removing one of the lockfiles if it's not needed.
   See https://nextjs.org/docs/app/api-reference/config/next-config-js/turbopack#root-directory for more information.
 Detected additional lockfiles: 
   * C:\Users\MIN\.gemini\antigravity\scratch\codingssok-website\package-lock.json

??Next.js 16.1.6 (Turbopack)
- Environments: .env.local

??The "middleware" file convention is deprecated. Please use "proxy" instead. Learn more: https://nextjs.org/docs/messages/middleware-to-proxy
  Creating an optimized production build ...
??Compiled successfully in 2.3s
  Running TypeScript ...
  Collecting page data using 11 workers ...
  Generating static pages using 11 workers (0/16) ...
  Generating static pages using 11 workers (4/16) 
  Generating static pages using 11 workers (8/16) 
  Generating static pages using 11 workers (12/16) 
??Generating static pages using 11 workers (16/16) in 277.5ms
  Finalizing page optimization ...

Route (app)
????/
????/_not-found
??? /api/telemetry/compiler
????/dashboard
????/dashboard/children
????/dashboard/classes
??? /dashboard/classes/[id]
????/dashboard/homework
??? /dashboard/homework/[id]
????/dashboard/homework/new
????/dashboard/learn
??? /dashboard/learn/[contentId]
????/dashboard/pc
??? /dashboard/stats/[studentId]
????/login
????/robots.txt
????/signup
????/sitemap.xml


? Proxy (Middleware)

?? (Static)   prerendered as static content
?  (Dynamic)  server-rendered on demand

