
> codingssok-website@0.1.0 build
> next build

node.exe : ??Warning: Next.js inferred your workspace root,
 but it may not be correct.
위치 줄:1 문자:1
+ & "C:\Program Files\nodejs/node.exe" "C:\Program Files\no
dejs/node_mo ...
+ ~~~~~~~~~~~~~~~~~~~~~~~~~~~~~~~~~~~~~~~~~~~~~~~~~~~~~~~~~
~~~~~~~~~~~~
    + CategoryInfo          : NotSpecified: (??Warning: Ne 
   xt...not be correct.:String) [], RemoteException
    + FullyQualifiedErrorId : NativeCommandError
 
 We detected multiple lockfiles and selected the directory 
of C:\Users\louis\.gemini\antigravity\scratch\package-lock.
json as the root directory.
 To silence this warning, set `turbopack.root` in your Next
.js config, or consider removing one of the lockfiles if it
's not needed.
   See https://nextjs.org/docs/app/api-reference/config/nex
t-config-js/turbopack#root-directory for more information.
 Detected additional lockfiles: 
   * C:\Users\louis\.gemini\antigravity\scratch\codingssok-
website\package-lock.json

??Next.js 16.1.6 (Turbopack)
- Environments: .env.local, .env

  Creating an optimized production build ...
??Compiled successfully in 3.6s
  Running TypeScript ...
  Collecting page data using 5 workers ...
  Generating static pages using 5 workers (0/5) ...
  Generating static pages using 5 workers (1/5) 
??metadataBase property in metadata export is not set for r
esolving social open graph or twitter images, using "http:/
/localhost:3000". See https://nextjs.org/docs/app/api-refer
ence/functions/generate-metadata#metadatabase
  Generating static pages using 5 workers (2/5) 
  Generating static pages using 5 workers (3/5) 
??Generating static pages using 5 workers (5/5) in 544.3ms
  Finalizing page optimization ...

Route (app)
????/
????/_not-found
??? /api/contact


?? (Static)   prerendered as static content
?  (Dynamic)  server-rendered on demand

